---
# Source: globex/charts/kafka-cluster/templates/kafka-cr.yaml
apiVersion: kafka.strimzi.io/v1beta2
kind: Kafka
metadata:
  name: kafka
  labels:
    helm.sh/chart: kafka-cluster-0.1.0
    app.kubernetes.io/name: kafka
    app.kubernetes.io/instance: datacenter-change-data-capture
    app.kubernetes.io/version: "1.0.0"
    app.kubernetes.io/managed-by: Helm
  annotations:
    argocd.argoproj.io/sync-wave: "-2"
spec:
  kafka:
    replicas: 3
    version: 3.3.1
    listeners:
    - name: plain
      port: 9092
      type: internal
      tls: false
    - name: tls
      port: 9093
      type: internal
      tls: true
    config:
      auto.create.topics.enable: false
      offsets.topic.replication.factor: 3
      transaction.state.log.min.isr: 2
      transaction.state.log.replication.factor: 3
      default.replication.factor: 3
      min.insync.replicas: 2
      inter.broker.protocol.version: '3.3'
    storage:
      type: ephemeral 
  zookeeper:
    replicas: 3
    storage:
      type: ephemeral
  entityOperator:
    topicOperator: {}
    userOperator: {}
---
# Source: globex/charts/kafka-topics/templates/kafka-topic.yaml
apiVersion: kafka.strimzi.io/v1beta2
kind: KafkaTopic
metadata:
  name: retail.updates.public.customer
  labels:
    strimzi.io/cluster: kafka
    helm.sh/chart: kafka-topics-0.1.0
    app.kubernetes.io/name: kafka-topics
    app.kubernetes.io/instance: datacenter-change-data-capture
    app.kubernetes.io/version: "1.0.0"
    app.kubernetes.io/managed-by: Helm
  annotations:
    argocd.argoproj.io/sync-wave: "-2"
spec:
  partitions: 1
  replicas: 2
  config:
    retention.ms: -1
    segment.bytes: 1073741824
  topicName: retail.updates.public.customer
---
# Source: globex/charts/kafka-topics/templates/kafka-topic.yaml
apiVersion: kafka.strimzi.io/v1beta2
kind: KafkaTopic
metadata:
  name: retail.updates.public.product
  labels:
    strimzi.io/cluster: kafka
    helm.sh/chart: kafka-topics-0.1.0
    app.kubernetes.io/name: kafka-topics
    app.kubernetes.io/instance: datacenter-change-data-capture
    app.kubernetes.io/version: "1.0.0"
    app.kubernetes.io/managed-by: Helm
  annotations:
    argocd.argoproj.io/sync-wave: "-2"
spec:
  partitions: 1
  replicas: 2
  config:
    retention.ms: -1
    segment.bytes: 1073741824
  topicName: retail.updates.public.product
---
# Source: globex/charts/kafka-topics/templates/kafka-topic.yaml
apiVersion: kafka.strimzi.io/v1beta2
kind: KafkaTopic
metadata:
  name: retail.updates.public.sale
  labels:
    strimzi.io/cluster: kafka
    helm.sh/chart: kafka-topics-0.1.0
    app.kubernetes.io/name: kafka-topics
    app.kubernetes.io/instance: datacenter-change-data-capture
    app.kubernetes.io/version: "1.0.0"
    app.kubernetes.io/managed-by: Helm
  annotations:
    argocd.argoproj.io/sync-wave: "-2"
spec:
  partitions: 1
  replicas: 2
  config:
    retention.ms: -1
    segment.bytes: 1073741824
  topicName: retail.updates.public.sale
---
# Source: globex/charts/kafka-topics/templates/kafka-topic.yaml
apiVersion: kafka.strimzi.io/v1beta2
kind: KafkaTopic
metadata:
  name: retail.updates.public.line-item
  labels:
    strimzi.io/cluster: kafka
    helm.sh/chart: kafka-topics-0.1.0
    app.kubernetes.io/name: kafka-topics
    app.kubernetes.io/instance: datacenter-change-data-capture
    app.kubernetes.io/version: "1.0.0"
    app.kubernetes.io/managed-by: Helm
  annotations:
    argocd.argoproj.io/sync-wave: "-2"
spec:
  partitions: 1
  replicas: 2
  config:
    retention.ms: -1
    segment.bytes: 1073741824
  topicName: retail.updates.public.line_item
---
# Source: globex/charts/kafka-topics/templates/kafka-topic.yaml
apiVersion: kafka.strimzi.io/v1beta2
kind: KafkaTopic
metadata:
  name: retail.expense-event
  labels:
    strimzi.io/cluster: kafka
    helm.sh/chart: kafka-topics-0.1.0
    app.kubernetes.io/name: kafka-topics
    app.kubernetes.io/instance: datacenter-change-data-capture
    app.kubernetes.io/version: "1.0.0"
    app.kubernetes.io/managed-by: Helm
  annotations:
    argocd.argoproj.io/sync-wave: "-2"
spec:
  partitions: 1
  replicas: 2
  config:
    retention.ms: -1
    segment.bytes: 1073741824
  topicName: retail.expense-event
---
# Source: globex/charts/kafka-topics/templates/kafka-topic.yaml
apiVersion: kafka.strimzi.io/v1beta2
kind: KafkaTopic
metadata:
  name: retail.sale-aggregated
  labels:
    strimzi.io/cluster: kafka
    helm.sh/chart: kafka-topics-0.1.0
    app.kubernetes.io/name: kafka-topics
    app.kubernetes.io/instance: datacenter-change-data-capture
    app.kubernetes.io/version: "1.0.0"
    app.kubernetes.io/managed-by: Helm
  annotations:
    argocd.argoproj.io/sync-wave: "-2"
spec:
  partitions: 1
  replicas: 2
  config:
    retention.ms: -1
    segment.bytes: 1073741824
  topicName: retail.sale-aggregated
